<?xml version="1.0" encoding="utf-16"?>
<FlowDocument Style="{x:Null}" xmlns="http://schemas.microsoft.com/winfx/2006/xaml/presentation" xmlns:x="http://schemas.microsoft.com/winfx/2006/xaml">
  <Paragraph>Dashes:</Paragraph>
  <BlockUIContainer>
    <Separator />
  </BlockUIContainer>
  <Paragraph />
  <BlockUIContainer>
    <Separator />
  </BlockUIContainer>
  <Paragraph />
  <BlockUIContainer>
    <Separator />
  </BlockUIContainer>
  <Paragraph />
  <BlockUIContainer>
    <Separator />
  </BlockUIContainer>
  <Paragraph xml:space="preserve"> ---</Paragraph>
  <BlockUIContainer>
    <Separator />
  </BlockUIContainer>
  <Paragraph />
  <BlockUIContainer>
    <Separator />
  </BlockUIContainer>
  <Paragraph />
  <BlockUIContainer>
    <Separator />
  </BlockUIContainer>
  <Paragraph />
  <BlockUIContainer>
    <Separator />
  </BlockUIContainer>
  <Paragraph xml:space="preserve"> - - -</Paragraph>
  <Paragraph>Asterisks:</Paragraph>
  <BlockUIContainer>
    <Separator />
  </BlockUIContainer>
  <Paragraph />
  <BlockUIContainer>
    <Separator />
  </BlockUIContainer>
  <Paragraph />
  <BlockUIContainer>
    <Separator />
  </BlockUIContainer>
  <Paragraph />
  <BlockUIContainer>
    <Separator />
  </BlockUIContainer>
  <Paragraph> <Italic>*</Italic></Paragraph>
  <BlockUIContainer>
    <Separator />
  </BlockUIContainer>
  <Paragraph />
  <BlockUIContainer>
    <Separator />
  </BlockUIContainer>
  <Paragraph />
  <BlockUIContainer>
    <Separator />
  </BlockUIContainer>
  <Paragraph />
  <BlockUIContainer>
    <Separator />
  </BlockUIContainer>
  <Paragraph xml:space="preserve"> * * *</Paragraph>
  <Paragraph>Underscores:</Paragraph>
  <BlockUIContainer>
    <Separator />
  </BlockUIContainer>
  <Paragraph />
  <BlockUIContainer>
    <Separator />
  </BlockUIContainer>
  <Paragraph />
  <BlockUIContainer>
    <Separator />
  </BlockUIContainer>
  <Paragraph />
  <BlockUIContainer>
    <Separator />
  </BlockUIContainer>
  <Paragraph> <Italic>_</Italic></Paragraph>
  <BlockUIContainer>
    <Separator />
  </BlockUIContainer>
  <Paragraph />
  <BlockUIContainer>
    <Separator />
  </BlockUIContainer>
  <Paragraph />
  <BlockUIContainer>
    <Separator />
  </BlockUIContainer>
  <Paragraph />
  <BlockUIContainer>
    <Separator />
  </BlockUIContainer>
  <Paragraph xml:space="preserve"> _ _ _</Paragraph>
</FlowDocument>
